#-----------------------------------------------------------
# Vivado v2024.2 (64-bit)
# SW Build 5239630 on Fri Nov 08 22:35:27 MST 2024
# IP Build 5239520 on Sun Nov 10 16:12:51 MST 2024
# SharedData Build 5239561 on Fri Nov 08 14:39:27 MST 2024
# Start of session at: Sat Mar 15 22:37:07 2025
# Process ID         : 4568
# Current directory  : C:/Users/Valerio/Desktop/University2/DSP/Prj/spGPU/drawCircleAcc
# Command line       : vivado.exe -gui_launcher_event rodinguilauncherevent952 C:\Users\Valerio\Desktop\University2\DSP\Prj\spGPU\drawCircleAcc\drawCircleAcc.xpr
# Log file           : C:/Users/Valerio/Desktop/University2/DSP/Prj/spGPU/drawCircleAcc/vivado.log
# Journal file       : C:/Users/Valerio/Desktop/University2/DSP/Prj/spGPU/drawCircleAcc\vivado.jou
# Running On         : Pc-Of-Valerioh
# Platform           : Windows Server 2016 or Windows 10
# Operating System   : 26100
# Processor Detail   : AMD Ryzen 5 7600X 6-Core Processor             
# CPU Frequency      : 4691 MHz
# CPU Physical cores : 6
# CPU Logical cores  : 12
# Host memory        : 33409 MB
# Swap memory        : 2147 MB
# Total Virtual      : 35556 MB
# Available Virtual  : 16214 MB
#-----------------------------------------------------------
start_gui
open_project C:/Users/Valerio/Desktop/University2/DSP/Prj/spGPU/drawCircleAcc/drawCircleAcc.xpr
update_compile_order -fileset sources_1
create_bd_design "design_1"
update_compile_order -fileset sources_1
startgroup
create_bd_cell -type ip -vlnv xilinx.com:ip:lmb_bram_if_cntlr:4.0 lmb_bram_if_cntlr_0
endgroup
set_property location {1 49 -158} [get_bd_cells lmb_bram_if_cntlr_0]
delete_bd_objs [get_bd_cells lmb_bram_if_cntlr_0]
save_bd_design
