#-----------------------------------------------------------
# Vivado v2025.1 (64-bit)
# SW Build 6140274 on Wed May 21 22:58:25 MDT 2025
# IP Build 6138677 on Thu May 22 03:10:11 MDT 2025
# SharedData Build 6139179 on Tue May 20 17:58:58 MDT 2025
# Start of session at: Fri Nov 21 13:15:48 2025
# Process ID         : 5579
# Current directory  : /home/luca/MyProjects/tb_platform
# Command line       : vivado tb_platform.xpr
# Log file           : /home/luca/MyProjects/tb_platform/vivado.log
# Journal file       : /home/luca/MyProjects/tb_platform/vivado.jou
# Running On         : luca-pc
# Platform           : Ubuntu
# Operating System   : Ubuntu 24.04.3 LTS
# Processor Detail   : AMD Ryzen 7 5700U with Radeon Graphics
# CPU Frequency      : 1114.000 MHz
# CPU Physical cores : 8
# CPU Logical cores  : 16
# Host memory        : 14489 MB
# Swap memory        : 4294 MB
# Total Virtual      : 18784 MB
# Available Virtual  : 17352 MB
#-----------------------------------------------------------
start_gui
open_project tb_platform.xpr
update_compile_order -fileset sources_1
open_bd_design {/home/luca/MyProjects/tb_platform/tb_platform.srcs/sources_1/bd/design_1/design_1.bd}
make_wrapper -files [get_files /home/luca/MyProjects/tb_platform/tb_platform.srcs/sources_1/bd/design_1/design_1.bd] -top
add_files -norecurse /home/luca/MyProjects/tb_platform/tb_platform.gen/sources_1/bd/design_1/hdl/design_1_wrapper.v
update_compile_order -fileset sources_1
startgroup
set_property -dict [list \
  CONFIG.Coe_File {/home/luca/MyProjects/tb_platform/tb_platform.srcs/sources_1/new/mem_init.coe} \
  CONFIG.Load_Init_File {true} \
] [get_bd_cells blk_mem_gen_0]
endgroup
save_bd_design
# Disabling source management mode.  This is to allow the top design properties to be set without GUI intervention.
set_property source_mgmt_mode None [current_project]
set_property top design_1_wrapper [current_fileset]
# Re-enabling previously disabled source management mode.
set_property source_mgmt_mode All [current_project]
update_compile_order -fileset sources_1
set_property target_language VHDL [current_project]
make_wrapper -files [get_files /home/luca/MyProjects/tb_platform/tb_platform.srcs/sources_1/bd/design_1/design_1.bd] -top
add_files -norecurse /home/luca/MyProjects/tb_platform/tb_platform.gen/sources_1/bd/design_1/hdl/design_1_wrapper.vhd
update_compile_order -fileset sources_1
remove_files  /home/luca/MyProjects/tb_platform/tb_platform.gen/sources_1/bd/design_1/hdl/design_1_wrapper.v
file delete -force /home/luca/MyProjects/tb_platform/tb_platform.gen/sources_1/bd/design_1/hdl/design_1_wrapper.v
update_compile_order -fileset sources_1
file mkdir /home/luca/MyProjects/tb_platform/tb_platform.srcs/sim_1/new
set_property SOURCE_SET sources_1 [get_filesets sim_1]
close [ open /home/luca/MyProjects/tb_platform/tb_platform.srcs/sim_1/new/tb_design.vhd w ]
add_files -fileset sim_1 /home/luca/MyProjects/tb_platform/tb_platform.srcs/sim_1/new/tb_design.vhd
update_compile_order -fileset sim_1
launch_simulation
set_property file_type {VHDL 2008} [get_files  /home/luca/MyProjects/tb_platform/tb_platform.srcs/sources_1/imports/hdl/myaxistream_v1_0_S_AXIS.vhd]
launch_simulation
source myaxistream_v1_0.tcl
# Disabling source management mode.  This is to allow the top design properties to be set without GUI intervention.
set_property source_mgmt_mode None [current_project]
set_property top tb_design [get_filesets sim_1]
set_property top_lib xil_defaultlib [get_filesets sim_1]
# Re-enabling previously disabled source management mode.
set_property source_mgmt_mode All [current_project]
update_compile_order -fileset sim_1
relaunch_sim
report_ip_status -name ip_status 
update_module_reference [get_ips  design_1_stream_tx_0_0]
generate_target Simulation [get_files /home/luca/MyProjects/tb_platform/tb_platform.srcs/sources_1/bd/design_1/design_1.bd]
export_ip_user_files -of_objects [get_files /home/luca/MyProjects/tb_platform/tb_platform.srcs/sources_1/bd/design_1/design_1.bd] -no_script -sync -force -quiet
export_simulation -of_objects [get_files /home/luca/MyProjects/tb_platform/tb_platform.srcs/sources_1/bd/design_1/design_1.bd] -directory /home/luca/MyProjects/tb_platform/tb_platform.ip_user_files/sim_scripts -ip_user_files_dir /home/luca/MyProjects/tb_platform/tb_platform.ip_user_files -ipstatic_source_dir /home/luca/MyProjects/tb_platform/tb_platform.ip_user_files/ipstatic -lib_map_path [list {modelsim=/home/luca/MyProjects/tb_platform/tb_platform.cache/compile_simlib/modelsim} {questa=/home/luca/MyProjects/tb_platform/tb_platform.cache/compile_simlib/questa} {xcelium=/home/luca/MyProjects/tb_platform/tb_platform.cache/compile_simlib/xcelium} {vcs=/home/luca/MyProjects/tb_platform/tb_platform.cache/compile_simlib/vcs} {riviera=/home/luca/MyProjects/tb_platform/tb_platform.cache/compile_simlib/riviera}] -use_ip_compiled_libs -force -quiet
launch_simulation
source tb_design.tcl
current_sim simulation_1
close_sim
relaunch_sim
close_sim
